******************************************************************************
                  TI ARM Linker PC v16.9.1                     
******************************************************************************
>> Linked Tue Sep 05 20:42:55 2017

OUTPUT FILE NAME:   <MSPIO.out>
ENTRY POINT SYMBOL: "_c_int00"  address: 00000d5d


MEMORY CONFIGURATION

         name            origin    length      used     unused   attr    fill
----------------------  --------  ---------  --------  --------  ----  --------
  MAIN                  00000000   00040000  00000fde  0003f022  R  X
  INFO                  00200000   00004000  00000000  00004000  R  X
  SRAM_CODE             01000000   00010000  000003d0  0000fc30  RW X
  SRAM_DATA             20000000   00010000  000003d0  0000fc30  RW  


SEGMENT ALLOCATION MAP

run origin  load origin   length   init length attrs members
----------  ----------- ---------- ----------- ----- -------
00000000    00000000    00000fe0   00000fe0    r-x
  00000000    00000000    000000e4   000000e4    r-- .intvecs
  000000e4    000000e4    00000eac   00000eac    r-x .text
  00000f90    00000f90    00000006   00000006    r-- .const
  00000f98    00000f98    00000048   00000048    r-- .cinit
20000000    20000000    000001d0   00000000    rw-
  20000000    20000000    00000190   00000000    rw- .bss
  20000190    20000190    00000040   00000000    rw- .data
2000fe00    2000fe00    00000200   00000000    rw-
  2000fe00    2000fe00    00000200   00000000    rw- .stack


SECTION ALLOCATION MAP

 output                                  attributes/
section   page    origin      length       input sections
--------  ----  ----------  ----------   ----------------
.intvecs   0    00000000    000000e4     
                  00000000    000000e4     startup_msp432p401r_ccs.obj (.intvecs:retain)

.binit     0    00000000    00000000     

.text      0    000000e4    00000eac     
                  000000e4    0000032c     system_msp432p401r.obj (.text)
                  00000410    000002f8     UART_Driver.obj (.text)
                  00000708    00000224     MSPIO.obj (.text)
                  0000092c    000000dc     msp432p4xx_driverlib.lib : pcm.obj (.text:__PCM_setPowerModeAdvanced)
                  00000a08    000000b4     main.obj (.text)
                  00000abc    000000b0     msp432p4xx_driverlib.lib : pcm.obj (.text:__PCM_setCoreVoltageLevelAdvanced)
                  00000b6c    0000009c     rtsv7M4_T_le_v4SPD16_eabi.lib : memcpy_t2.obj (.text)
                  00000c08    0000007a                                   : memset_t2.obj (.text)
                  00000c82    00000002                                   : mpu_init.obj (.text)
                  00000c84    00000070                                   : autoinit.obj (.text)
                  00000cf4    00000068                                   : copy_decompress_lzss.obj (.text:decompress:lzss)
                  00000d5c    00000054                                   : boot.obj (.text)
                  00000db0    00000054                                   : exit.obj (.text)
                  00000e04    0000004c                                   : cpy_tbl.obj (.text)
                  00000e50    0000002c     msp432p4xx_driverlib.lib : pcm.obj (.text:PCM_getCoreVoltageLevel)
                  00000e7c    0000002a                              : pcm.obj (.text:PCM_getPowerMode)
                  00000ea6    00000002     rtsv7M4_T_le_v4SPD16_eabi.lib : startup.obj (.text)
                  00000ea8    00000028     msp432p4xx_driverlib.lib : flash.obj (.text:FlashCtl_setWaitState)
                  00000ed0    00000024                              : cs.obj (.text:CS_setDCOCenteredFrequency)
                  00000ef4    00000022     CS_Driver.obj (.text)
                  00000f16    00000002     --HOLE-- [fill = 0]
                  00000f18    00000018     rtsv7M4_T_le_v4SPD16_eabi.lib : args_main.obj (.text)
                  00000f30    00000014                                   : _lock.obj (.text)
                  00000f44    00000010     msp432p4xx_driverlib.lib : pcm.obj (.text:PCM_getPowerState)
                  00000f54    0000000e     rtsv7M4_T_le_v4SPD16_eabi.lib : copy_decompress_none.obj (.text:decompress:none)
                  00000f62    0000000e     startup_msp432p401r_ccs.obj (.text)
                  00000f70    0000000c     rtsv7M4_T_le_v4SPD16_eabi.lib : copy_zero_init.obj (.text:decompress:ZI)
                  00000f7c    00000008     msp432p4xx_driverlib.lib : pcm.obj (.text:PCM_setCoreVoltageLevel)
                  00000f84    00000008                              : pcm.obj (.text:PCM_setPowerMode)
                  00000f8c    00000004     rtsv7M4_T_le_v4SPD16_eabi.lib : pre_init.obj (.text)

.const     0    00000f90    00000006     
                  00000f90    00000006     main.obj (.const:.string:$P$T0$1)

.cinit     0    00000f98    00000048     
                  00000f98    00000021     (.cinit..data.load) [load image, compression = lzss]
                  00000fb9    00000003     --HOLE-- [fill = 0]
                  00000fbc    0000000c     (__TI_handler_table)
                  00000fc8    00000008     (.cinit..bss.load) [load image, compression = zero_init]
                  00000fd0    00000010     (__TI_cinit_table)

.init_array 
*          0    00000000    00000000     UNINITIALIZED

.bss       0    20000000    00000190     UNINITIALIZED
                  20000000    00000080     (.common:Buffer)
                  20000080    00000080     (.common:UARTA0Data)
                  20000100    00000080     (.common:UARTA2Data)
                  20000180    00000004     (.common:UARTA0ReadIndex)
                  20000184    00000004     (.common:UARTA0WriteIndex)
                  20000188    00000004     (.common:UARTA2ReadIndex)
                  2000018c    00000004     (.common:UARTA2WriteIndex)

.data      0    20000190    00000040     UNINITIALIZED
                  20000190    00000024     main.obj (.data:UART0Config)
                  200001b4    0000000c     rtsv7M4_T_le_v4SPD16_eabi.lib : exit.obj (.data:$O1$$)
                  200001c0    00000008                                   : _lock.obj (.data:$O1$$)
                  200001c8    00000004                                   : stkdepth_vars.obj (.data)
                  200001cc    00000004     system_msp432p401r.obj (.data)

.stack     0    2000fe00    00000200     UNINITIALIZED
                  2000fe00    00000200     --HOLE--

MODULE SUMMARY

       Module                        code   ro data   rw data
       ------                        ----   -------   -------
    .\
       system_msp432p401r.obj        812    0         8      
       MSPIO.obj                     548    0         0      
       main.obj                      180    6         328    
       startup_msp432p401r_ccs.obj   14     228       0      
    +--+-----------------------------+------+---------+---------+
       Total:                        1554   234       336    
                                                             
    .\Hardware\
       UART_Driver.obj               760    0         544    
       CS_Driver.obj                 34     0         0      
    +--+-----------------------------+------+---------+---------+
       Total:                        794    0         544    
                                                             
    C:/ti/simplelink_msp432_sdk_1_40_01_00/source/ti/devices/msp432p4xx/driverlib/ccs/msp432p4xx_driverlib.lib
       pcm.obj                       514    0         0      
       flash.obj                     40     0         0      
       cs.obj                        36     0         0      
    +--+-----------------------------+------+---------+---------+
       Total:                        590    0         0      
                                                             
    C:\ti\ccsv7\tools\compiler\ti-cgt-arm_16.9.1.LTS\lib\rtsv7M4_T_le_v4SPD16_eabi.lib
       memcpy_t2.obj                 156    0         0      
       memset_t2.obj                 122    0         0      
       autoinit.obj                  112    0         0      
       exit.obj                      84     0         24     
       copy_decompress_lzss.obj      104    0         0      
       boot.obj                      84     0         0      
       cpy_tbl.obj                   76     0         0      
       _lock.obj                     20     0         16     
       args_main.obj                 24     0         0      
       copy_decompress_none.obj      14     0         0      
       copy_zero_init.obj            12     0         0      
       stkdepth_vars.obj             0      0         8      
       pre_init.obj                  4      0         0      
       mpu_init.obj                  2      0         0      
       startup.obj                   2      0         0      
    +--+-----------------------------+------+---------+---------+
       Total:                        816    0         48     
                                                             
       Stack:                        0      0         1024   
       Linker Generated:             0      69        0      
    +--+-----------------------------+------+---------+---------+
       Grand Total:                  3754   303       1952   


LINKER GENERATED COPY TABLES

__TI_cinit_table @ 00000fd0 records: 2, size/record: 8, table size: 16
	.data: load addr=00000f98, load size=00000021 bytes, run addr=20000190, run size=00000040 bytes, compression=lzss
	.bss: load addr=00000fc8, load size=00000008 bytes, run addr=20000000, run size=00000190 bytes, compression=zero_init


LINKER GENERATED HANDLER TABLE

__TI_handler_table @ 00000fbc records: 3, size/record: 4, table size: 12
	index: 0, handler: __TI_decompress_lzss
	index: 1, handler: __TI_decompress_none
	index: 2, handler: __TI_zero_init


GLOBAL SYMBOLS: SORTED ALPHABETICALLY BY Name 

address   name                           
-------   ----                           
00000f6f  ADC14_IRQHandler               
00000f6f  AES256_IRQHandler              
20000000  Buffer                         
00000f6f  BusFault_Handler               
00000db1  C$$EXIT                        
00000f6f  COMP_E0_IRQHandler             
00000f6f  COMP_E1_IRQHandler             
00000f6f  CS_IRQHandler                  
00000ef5  CS_Init                        
00000ed1  CS_setDCOCenteredFrequency     
00000f6f  DMA_ERR_IRQHandler             
00000f6f  DMA_INT0_IRQHandler            
00000f6f  DMA_INT1_IRQHandler            
00000f6f  DMA_INT2_IRQHandler            
00000f6f  DMA_INT3_IRQHandler            
00000f6f  DebugMon_Handler               
00000f6f  Default_Handler                
000005f9  EUSCIA0_IRQHandler             
000005f9  EUSCIA0_IRQHandler             
00000f6f  EUSCIA1_IRQHandler             
00000673  EUSCIA2_IRQHandler             
00000673  EUSCIA2_IRQHandler             
00000f6f  EUSCIA3_IRQHandler             
00000f6f  EUSCIB0_IRQHandler             
00000f6f  EUSCIB1_IRQHandler             
00000f6f  EUSCIB2_IRQHandler             
00000f6f  EUSCIB3_IRQHandler             
00000f6f  FLCTL_IRQHandler               
00000f6f  FPU_IRQHandler                 
00000ea9  FlashCtl_setWaitState          
00000f6f  HardFault_Handler              
00000885  MSPgets                        
000007cb  MSPrintf                       
00000f6f  MemManage_Handler              
00000f6f  NMI_Handler                    
00000f6f  PCM_IRQHandler                 
00000e51  PCM_getCoreVoltageLevel        
00000e7d  PCM_getPowerMode               
00000f45  PCM_getPowerState              
00000f7d  PCM_setCoreVoltageLevel        
00000f85  PCM_setPowerMode               
00000f6f  PORT1_IRQHandler               
00000f6f  PORT2_IRQHandler               
00000f6f  PORT3_IRQHandler               
00000f6f  PORT4_IRQHandler               
00000f6f  PORT5_IRQHandler               
00000f6f  PORT6_IRQHandler               
00000f6f  PSS_IRQHandler                 
00000f6f  PendSV_Handler                 
00000709  PrintChar                      
0000073f  PrintInteger                   
0000071d  PrintString                    
00000f6f  RTC_C_IRQHandler               
00000f63  Reset_Handler                  
UNDEFED   SHT$$INIT_ARRAY$$Base          
UNDEFED   SHT$$INIT_ARRAY$$Limit         
00000f6f  SVC_Handler                    
00000f6f  SysTick_Handler                
200001cc  SystemCoreClock                
000000e5  SystemCoreClockUpdate          
00000359  SystemInit                     
00000f6f  T32_INT1_IRQHandler            
00000f6f  T32_INT2_IRQHandler            
00000f6f  T32_INTC_IRQHandler            
00000f6f  TA0_0_IRQHandler               
00000f6f  TA0_N_IRQHandler               
00000f6f  TA1_0_IRQHandler               
00000f6f  TA1_N_IRQHandler               
00000f6f  TA2_0_IRQHandler               
00000f6f  TA2_N_IRQHandler               
00000f6f  TA3_0_IRQHandler               
00000f6f  TA3_N_IRQHandler               
20000190  UART0Config                    
20000080  UARTA0Data                     
20000180  UARTA0ReadIndex                
20000184  UARTA0WriteIndex               
20000100  UARTA2Data                     
20000188  UARTA2ReadIndex                
2000018c  UARTA2WriteIndex               
00000411  UART_Init                      
00000501  UART_Read                      
000004c5  UART_Write                     
00000f6f  UsageFault_Handler             
4000480c  WDTCTL_SYM                     
00000f6f  WDT_A_IRQHandler               
20010000  __STACK_END                    
00000200  __STACK_SIZE                   
00000fd0  __TI_CINIT_Base                
00000fe0  __TI_CINIT_Limit               
00000fbc  __TI_Handler_Table_Base        
00000fc8  __TI_Handler_Table_Limit       
00000c85  __TI_auto_init                 
200001b4  __TI_cleanup_ptr               
00000cf5  __TI_decompress_lzss           
00000f55  __TI_decompress_none           
200001b8  __TI_dtors_ptr                 
200001bc  __TI_enable_exit_profile_output
ffffffff  __TI_pprof_out_hndl            
ffffffff  __TI_prof_data_size            
ffffffff  __TI_prof_data_start           
00000000  __TI_static_base__             
00000f71  __TI_zero_init                 
00000c09  __aeabi_memclr                 
00000c09  __aeabi_memclr4                
00000c09  __aeabi_memclr8                
00000b6d  __aeabi_memcpy                 
00000b6d  __aeabi_memcpy4                
00000b6d  __aeabi_memcpy8                
00000c0b  __aeabi_memset                 
00000c0b  __aeabi_memset4                
00000c0b  __aeabi_memset8                
ffffffff  __binit__                      
ffffffff  __c_args__                     
00000c83  __mpu_init                     
2000fe00  __stack                        
00000f19  _args_main                     
00000d5d  _c_int00                       
200001c0  _lock                          
00000f3f  _nop                           
00000f37  _register_lock                 
00000f31  _register_unlock               
00000ea7  _system_post_cinit             
00000f8d  _system_pre_init               
200001c4  _unlock                        
00000db5  abort                          
ffffffff  binit                          
00000e05  copy_in                        
00000dbd  exit                           
00000000  interruptVectors               
00000a09  main                           
200001c8  main_func_sp                   
00000b6d  memcpy                         
00000c11  memset                         


GLOBAL SYMBOLS: SORTED BY Symbol Address 

address   name                           
-------   ----                           
00000000  __TI_static_base__             
00000000  interruptVectors               
000000e5  SystemCoreClockUpdate          
00000200  __STACK_SIZE                   
00000359  SystemInit                     
00000411  UART_Init                      
000004c5  UART_Write                     
00000501  UART_Read                      
000005f9  EUSCIA0_IRQHandler             
000005f9  EUSCIA0_IRQHandler             
00000673  EUSCIA2_IRQHandler             
00000673  EUSCIA2_IRQHandler             
00000709  PrintChar                      
0000071d  PrintString                    
0000073f  PrintInteger                   
000007cb  MSPrintf                       
00000885  MSPgets                        
00000a09  main                           
00000b6d  __aeabi_memcpy                 
00000b6d  __aeabi_memcpy4                
00000b6d  __aeabi_memcpy8                
00000b6d  memcpy                         
00000c09  __aeabi_memclr                 
00000c09  __aeabi_memclr4                
00000c09  __aeabi_memclr8                
00000c0b  __aeabi_memset                 
00000c0b  __aeabi_memset4                
00000c0b  __aeabi_memset8                
00000c11  memset                         
00000c83  __mpu_init                     
00000c85  __TI_auto_init                 
00000cf5  __TI_decompress_lzss           
00000d5d  _c_int00                       
00000db1  C$$EXIT                        
00000db5  abort                          
00000dbd  exit                           
00000e05  copy_in                        
00000e51  PCM_getCoreVoltageLevel        
00000e7d  PCM_getPowerMode               
00000ea7  _system_post_cinit             
00000ea9  FlashCtl_setWaitState          
00000ed1  CS_setDCOCenteredFrequency     
00000ef5  CS_Init                        
00000f19  _args_main                     
00000f31  _register_unlock               
00000f37  _register_lock                 
00000f3f  _nop                           
00000f45  PCM_getPowerState              
00000f55  __TI_decompress_none           
00000f63  Reset_Handler                  
00000f6f  ADC14_IRQHandler               
00000f6f  AES256_IRQHandler              
00000f6f  BusFault_Handler               
00000f6f  COMP_E0_IRQHandler             
00000f6f  COMP_E1_IRQHandler             
00000f6f  CS_IRQHandler                  
00000f6f  DMA_ERR_IRQHandler             
00000f6f  DMA_INT0_IRQHandler            
00000f6f  DMA_INT1_IRQHandler            
00000f6f  DMA_INT2_IRQHandler            
00000f6f  DMA_INT3_IRQHandler            
00000f6f  DebugMon_Handler               
00000f6f  Default_Handler                
00000f6f  EUSCIA1_IRQHandler             
00000f6f  EUSCIA3_IRQHandler             
00000f6f  EUSCIB0_IRQHandler             
00000f6f  EUSCIB1_IRQHandler             
00000f6f  EUSCIB2_IRQHandler             
00000f6f  EUSCIB3_IRQHandler             
00000f6f  FLCTL_IRQHandler               
00000f6f  FPU_IRQHandler                 
00000f6f  HardFault_Handler              
00000f6f  MemManage_Handler              
00000f6f  NMI_Handler                    
00000f6f  PCM_IRQHandler                 
00000f6f  PORT1_IRQHandler               
00000f6f  PORT2_IRQHandler               
00000f6f  PORT3_IRQHandler               
00000f6f  PORT4_IRQHandler               
00000f6f  PORT5_IRQHandler               
00000f6f  PORT6_IRQHandler               
00000f6f  PSS_IRQHandler                 
00000f6f  PendSV_Handler                 
00000f6f  RTC_C_IRQHandler               
00000f6f  SVC_Handler                    
00000f6f  SysTick_Handler                
00000f6f  T32_INT1_IRQHandler            
00000f6f  T32_INT2_IRQHandler            
00000f6f  T32_INTC_IRQHandler            
00000f6f  TA0_0_IRQHandler               
00000f6f  TA0_N_IRQHandler               
00000f6f  TA1_0_IRQHandler               
00000f6f  TA1_N_IRQHandler               
00000f6f  TA2_0_IRQHandler               
00000f6f  TA2_N_IRQHandler               
00000f6f  TA3_0_IRQHandler               
00000f6f  TA3_N_IRQHandler               
00000f6f  UsageFault_Handler             
00000f6f  WDT_A_IRQHandler               
00000f71  __TI_zero_init                 
00000f7d  PCM_setCoreVoltageLevel        
00000f85  PCM_setPowerMode               
00000f8d  _system_pre_init               
00000fbc  __TI_Handler_Table_Base        
00000fc8  __TI_Handler_Table_Limit       
00000fd0  __TI_CINIT_Base                
00000fe0  __TI_CINIT_Limit               
20000000  Buffer                         
20000080  UARTA0Data                     
20000100  UARTA2Data                     
20000180  UARTA0ReadIndex                
20000184  UARTA0WriteIndex               
20000188  UARTA2ReadIndex                
2000018c  UARTA2WriteIndex               
20000190  UART0Config                    
200001b4  __TI_cleanup_ptr               
200001b8  __TI_dtors_ptr                 
200001bc  __TI_enable_exit_profile_output
200001c0  _lock                          
200001c4  _unlock                        
200001c8  main_func_sp                   
200001cc  SystemCoreClock                
2000fe00  __stack                        
20010000  __STACK_END                    
4000480c  WDTCTL_SYM                     
ffffffff  __TI_pprof_out_hndl            
ffffffff  __TI_prof_data_size            
ffffffff  __TI_prof_data_start           
ffffffff  __binit__                      
ffffffff  __c_args__                     
ffffffff  binit                          
UNDEFED   SHT$$INIT_ARRAY$$Base          
UNDEFED   SHT$$INIT_ARRAY$$Limit         

[133 symbols]
